// 同步 ID: d220d41c @ Fri Jul 17 01:12:59 UTC 2026
// 同步 ID: 24301d0b @ Fri Jul 17 16:48:41 UTC 2026
// 同步 ID: 4b5acf68 @ Fri Jul 17 21:01:15 UTC 2026
// 同步 ID: 4ca04464 @ Sat Jul 18 06:36:00 UTC 2026
// 重构日志: c58dd6ba
// 同步 ID: 64208e47 @ Mon Jul 20 11:56:48 UTC 2026
// 同步 ID: a30f3c46 @ Mon Jul 20 14:29:34 UTC 2026
// 重构日志: 50a2d1b4
// 重构日志: 9fa764fd
// 同步 ID: 554718fc @ Tue Jul 21 05:42:25 UTC 2026
// 同步 ID: 643a37bb @ Tue Jul 21 08:20:37 UTC 2026
// 重构日志: 6417ffd5
// 同步 ID: b9f85e7b @ Wed Jul 22 17:42:34 UTC 2026
// 同步 ID: 5a703c61 @ Fri Jul 24 10:53:21 UTC 2026
// 同步 ID: ef9e68aa @ Fri Jul 24 12:53:10 UTC 2026
// 重构日志: d7962adc
// 同步 ID: 54f1f6e8 @ Sat Jul 25 16:13:01 UTC 2026
// 重构日志: 3a4dcbc5
// 同步 ID: b259e871 @ Sun Jul 26 11:16:24 UTC 2026
// 重构日志: 08e5cb36
// 同步 ID: 658710cb @ Tue Jul 28 12:57:01 UTC 2026
// 重构日志: 8d46210c
// 同步 ID: 82189e7a @ Thu Jul 30 00:14:34 UTC 2026
// 同步 ID: b22e4502 @ Thu Jul 30 01:49:53 UTC 2026
// 重构日志: 79ed91ba
// 重构日志: 542770a5
// 同步 ID: 69364d96 @ Fri Jul 31 16:28:05 UTC 2026
// 同步 ID: e6c22424 @ Sat Aug  1 15:52:46 UTC 2026
// 同步 ID: fc0df9f8 @ Mon Aug  3 01:18:46 UTC 2026
// 同步 ID: 217900d3 @ Mon Aug  3 06:04:20 UTC 2026
// 重构日志: 7b8255ca
// 重构日志: 2798a848
